Testing `test/e2e/alcotest/passing/filter_name.ml'.
This run has ID `<uuid>'.

  [OK]          test-a          0   First test case.
  [OK]          test-a          1   Second test case.
  [SKIP]        test-b          0   Skipped failing test.

Full test results in `<build-context>/_build/_tests/<test-dir>'.
Test Successful in <test-duration>s. 2 tests run.
