Testing `test/e2e/alcotest/passing/quick_only.ml'.
This run has ID `<uuid>'.

  [OK]          test-a          0   Quick.
  [SKIP]        test-a          1   Slow.
  [SKIP]        test-b          0   Slow.
  [OK]          test-b          1   Quick.

Full test results in `<build-context>/_build/_tests/<test-dir>'.
Test Successful in <test-duration>s. 2 tests run.
