only one of --prelude or --prelude-str shoud be used

Error in the OCaml code block in failures/part_not_found.md at line 4:
Cannot find part "part1" in failures/empty.ml

Error in the OCaml code block in failures/ml_file_not_found.md at line 4:
failures/not_found.ml: No such file or directory

Error in the toplevel code block in failures/in_toplevel.md at line 4:
failures/not_found.ml: No such file or directory

