Testing `test/e2e/alcotest/inside-dune/test_color.ml'.
This run has ID `<uuid>'.

  [OK]          alpha          0   Output may or may not contain ANSII escape...
  [OK]          alpha          1   according to whether or not [--color] is set.
  [OK]          alpha          2   (See the corresponding [dune] file.).

Full test results in `<build-context>/_build/_tests/<test-dir>'.
Test Successful in <test-duration>s. 3 tests run.
